[     187ms] [INFO] %cDownload the React DevTools for a better development experience: https://reactjs.org/link/react-devtools font-weight:bold @ http://localhost:5173/node_modules/.vite/deps/chunk-NXESFFTV.js?v=82e3fd63:21608
[     263ms] [ERROR] Warning: Function components cannot be given refs. Attempts to access this ref will fail. Did you mean to use React.forwardRef()?%s%s 

Check the render method of `Annexe01Form`. 
    at Textarea (http://localhost:5173/src/components/ui/textarea.tsx:19:3)
    at label
    at Field (http://localhost:5173/src/components/mission-flow/primitives.tsx:119:3)
    at form
    at div
    at CardContent (http://localhost:5173/src/components/ui/card.tsx:81:3)
    at div
    at Card (http://localhost:5173/src/components/ui/card.tsx:19:3)
    at Annexe01Form (http://localhost:5173/src/pages/MissionSubmissionPage.tsx:139:37)
    at div
    at TabsContent (http://localhost:5173/src/components/ui/tabs.tsx:110:3)
    at div
    at Tabs (http://localhost:5173/src/components/ui/tabs.tsx:27:3)
    at div
    at MissionSubmissionPage
    at RenderedRoute (http://localhost:5173/node_modules/.vite/deps/react-router-dom.js?v=82e3fd63:6429:26)
    at Outlet (http://localhost:5173/node_modules/.vite/deps/react-router-dom.js?v=82e3fd63:7227:26)
    at main
    at div
    at div
    at WorkspaceLayout (http://localhost:5173/src/layouts/WorkspaceLayout.tsx:61:20)
    at ProtectedRoute (http://localhost:5173/src/router/ProtectedRoute.tsx:20:34)
    at RenderedRoute (http://localhost:5173/node_modules/.vite/deps/react-router-dom.js?v=82e3fd63:6429:26)
    at RenderErrorBoundary (http://localhost:5173/node_modules/.vite/deps/react-router-dom.js?v=82e3fd63:6339:5)
    at DataRoutes (http://localhost:5173/node_modules/.vite/deps/react-router-dom.js?v=82e3fd63:7143:3)
    at Router (http://localhost:5173/node_modules/.vite/deps/react-router-dom.js?v=82e3fd63:7236:13)
    at RouterProvider (http://localhost:5173/node_modules/.vite/deps/react-router-dom.js?v=82e3fd63:6898:11)
    at RouterProvider2
    at App (http://localhost:5173/src/App.tsx:29:23) @ http://localhost:5173/node_modules/.vite/deps/chunk-NXESFFTV.js?v=82e3fd63:520
[     266ms] [ERROR] Warning: Function components cannot be given refs. Attempts to access this ref will fail. Did you mean to use React.forwardRef()?%s%s 

Check the render method of `Annexe01Form`. 
    at Textarea (http://localhost:5173/src/components/ui/textarea.tsx:19:3)
    at label
    at Field (http://localhost:5173/src/components/mission-flow/primitives.tsx:119:3)
    at form
    at div
    at CardContent (http://localhost:5173/src/components/ui/card.tsx:81:3)
    at div
    at Card (http://localhost:5173/src/components/ui/card.tsx:19:3)
    at Annexe01Form (http://localhost:5173/src/pages/MissionSubmissionPage.tsx:139:37)
    at div
    at TabsContent (http://localhost:5173/src/components/ui/tabs.tsx:110:3)
    at div
    at Tabs (http://localhost:5173/src/components/ui/tabs.tsx:27:3)
    at div
    at MissionSubmissionPage
    at RenderedRoute (http://localhost:5173/node_modules/.vite/deps/react-router-dom.js?v=82e3fd63:6429:26)
    at Outlet (http://localhost:5173/node_modules/.vite/deps/react-router-dom.js?v=82e3fd63:7227:26)
    at main
    at div
    at div
    at WorkspaceLayout (http://localhost:5173/src/layouts/WorkspaceLayout.tsx:61:20)
    at ProtectedRoute (http://localhost:5173/src/router/ProtectedRoute.tsx:20:34)
    at RenderedRoute (http://localhost:5173/node_modules/.vite/deps/react-router-dom.js?v=82e3fd63:6429:26)
    at RenderErrorBoundary (http://localhost:5173/node_modules/.vite/deps/react-router-dom.js?v=82e3fd63:6339:5)
    at DataRoutes (http://localhost:5173/node_modules/.vite/deps/react-router-dom.js?v=82e3fd63:7143:3)
    at Router (http://localhost:5173/node_modules/.vite/deps/react-router-dom.js?v=82e3fd63:7236:13)
    at RouterProvider (http://localhost:5173/node_modules/.vite/deps/react-router-dom.js?v=82e3fd63:6898:11)
    at RouterProvider2
    at App (http://localhost:5173/src/App.tsx:29:23) @ http://localhost:5173/node_modules/.vite/deps/chunk-NXESFFTV.js?v=82e3fd63:520
[     268ms] [ERROR] Warning: Function components cannot be given refs. Attempts to access this ref will fail. Did you mean to use React.forwardRef()?%s%s 

Check the render method of `Annexe01Form`. 
    at Textarea (http://localhost:5173/src/components/ui/textarea.tsx:19:3)
    at div
    at CardContent (http://localhost:5173/src/components/ui/card.tsx:81:3)
    at div
    at Card (http://localhost:5173/src/components/ui/card.tsx:19:3)
    at div
    at form
    at div
    at CardContent (http://localhost:5173/src/components/ui/card.tsx:81:3)
    at div
    at Card (http://localhost:5173/src/components/ui/card.tsx:19:3)
    at Annexe01Form (http://localhost:5173/src/pages/MissionSubmissionPage.tsx:139:37)
    at div
    at TabsContent (http://localhost:5173/src/components/ui/tabs.tsx:110:3)
    at div
    at Tabs (http://localhost:5173/src/components/ui/tabs.tsx:27:3)
    at div
    at MissionSubmissionPage
    at RenderedRoute (http://localhost:5173/node_modules/.vite/deps/react-router-dom.js?v=82e3fd63:6429:26)
    at Outlet (http://localhost:5173/node_modules/.vite/deps/react-router-dom.js?v=82e3fd63:7227:26)
    at main
    at div
    at div
    at WorkspaceLayout (http://localhost:5173/src/layouts/WorkspaceLayout.tsx:61:20)
    at ProtectedRoute (http://localhost:5173/src/router/ProtectedRoute.tsx:20:34)
    at RenderedRoute (http://localhost:5173/node_modules/.vite/deps/react-router-dom.js?v=82e3fd63:6429:26)
    at RenderErrorBoundary (http://localhost:5173/node_modules/.vite/deps/react-router-dom.js?v=82e3fd63:6339:5)
    at DataRoutes (http://localhost:5173/node_modules/.vite/deps/react-router-dom.js?v=82e3fd63:7143:3)
    at Router (http://localhost:5173/node_modules/.vite/deps/react-router-dom.js?v=82e3fd63:7236:13)
    at RouterProvider (http://localhost:5173/node_modules/.vite/deps/react-router-dom.js?v=82e3fd63:6898:11)
    at RouterProvider2
    at App (http://localhost:5173/src/App.tsx:29:23) @ http://localhost:5173/node_modules/.vite/deps/chunk-NXESFFTV.js?v=82e3fd63:520
[   28810ms] TypeError: Component is not a function
    at renderWithHooks (http://localhost:5173/node_modules/.vite/deps/chunk-NXESFFTV.js?v=82e3fd63:11596:26)
    at updateFunctionComponent (http://localhost:5173/node_modules/.vite/deps/chunk-NXESFFTV.js?v=82e3fd63:14630:28)
    at beginWork (http://localhost:5173/node_modules/.vite/deps/chunk-NXESFFTV.js?v=82e3fd63:15972:22)
    at HTMLUnknownElement.callCallback2 (http://localhost:5173/node_modules/.vite/deps/chunk-NXESFFTV.js?v=82e3fd63:3680:22)
    at Object.invokeGuardedCallbackDev (http://localhost:5173/node_modules/.vite/deps/chunk-NXESFFTV.js?v=82e3fd63:3705:24)
    at invokeGuardedCallback (http://localhost:5173/node_modules/.vite/deps/chunk-NXESFFTV.js?v=82e3fd63:3739:39)
    at beginWork$1 (http://localhost:5173/node_modules/.vite/deps/chunk-NXESFFTV.js?v=82e3fd63:19818:15)
    at performUnitOfWork (http://localhost:5173/node_modules/.vite/deps/chunk-NXESFFTV.js?v=82e3fd63:19251:20)
    at workLoopSync (http://localhost:5173/node_modules/.vite/deps/chunk-NXESFFTV.js?v=82e3fd63:19190:13)
    at renderRootSync (http://localhost:5173/node_modules/.vite/deps/chunk-NXESFFTV.js?v=82e3fd63:19169:15)
[   28812ms] TypeError: Component is not a function
    at renderWithHooks (http://localhost:5173/node_modules/.vite/deps/chunk-NXESFFTV.js?v=82e3fd63:11596:26)
    at updateFunctionComponent (http://localhost:5173/node_modules/.vite/deps/chunk-NXESFFTV.js?v=82e3fd63:14630:28)
    at beginWork (http://localhost:5173/node_modules/.vite/deps/chunk-NXESFFTV.js?v=82e3fd63:15972:22)
    at HTMLUnknownElement.callCallback2 (http://localhost:5173/node_modules/.vite/deps/chunk-NXESFFTV.js?v=82e3fd63:3680:22)
    at Object.invokeGuardedCallbackDev (http://localhost:5173/node_modules/.vite/deps/chunk-NXESFFTV.js?v=82e3fd63:3705:24)
    at invokeGuardedCallback (http://localhost:5173/node_modules/.vite/deps/chunk-NXESFFTV.js?v=82e3fd63:3739:39)
    at beginWork$1 (http://localhost:5173/node_modules/.vite/deps/chunk-NXESFFTV.js?v=82e3fd63:19818:15)
    at performUnitOfWork (http://localhost:5173/node_modules/.vite/deps/chunk-NXESFFTV.js?v=82e3fd63:19251:20)
    at workLoopSync (http://localhost:5173/node_modules/.vite/deps/chunk-NXESFFTV.js?v=82e3fd63:19190:13)
    at renderRootSync (http://localhost:5173/node_modules/.vite/deps/chunk-NXESFFTV.js?v=82e3fd63:19169:15)
[   28815ms] TypeError: Component is not a function
    at renderWithHooks (http://localhost:5173/node_modules/.vite/deps/chunk-NXESFFTV.js?v=82e3fd63:11596:26)
    at updateFunctionComponent (http://localhost:5173/node_modules/.vite/deps/chunk-NXESFFTV.js?v=82e3fd63:14630:28)
    at beginWork (http://localhost:5173/node_modules/.vite/deps/chunk-NXESFFTV.js?v=82e3fd63:15972:22)
    at HTMLUnknownElement.callCallback2 (http://localhost:5173/node_modules/.vite/deps/chunk-NXESFFTV.js?v=82e3fd63:3680:22)
    at Object.invokeGuardedCallbackDev (http://localhost:5173/node_modules/.vite/deps/chunk-NXESFFTV.js?v=82e3fd63:3705:24)
    at invokeGuardedCallback (http://localhost:5173/node_modules/.vite/deps/chunk-NXESFFTV.js?v=82e3fd63:3739:39)
    at beginWork$1 (http://localhost:5173/node_modules/.vite/deps/chunk-NXESFFTV.js?v=82e3fd63:19818:15)
    at performUnitOfWork (http://localhost:5173/node_modules/.vite/deps/chunk-NXESFFTV.js?v=82e3fd63:19251:20)
    at workLoopSync (http://localhost:5173/node_modules/.vite/deps/chunk-NXESFFTV.js?v=82e3fd63:19190:13)
    at renderRootSync (http://localhost:5173/node_modules/.vite/deps/chunk-NXESFFTV.js?v=82e3fd63:19169:15)
[   28815ms] [ERROR] Error handled by React Router default ErrorBoundary: TypeError: Component is not a function
    at renderWithHooks (http://localhost:5173/node_modules/.vite/deps/chunk-NXESFFTV.js?v=82e3fd63:11596:26)
    at updateFunctionComponent (http://localhost:5173/node_modules/.vite/deps/chunk-NXESFFTV.js?v=82e3fd63:14630:28)
    at beginWork (http://localhost:5173/node_modules/.vite/deps/chunk-NXESFFTV.js?v=82e3fd63:15972:22)
    at beginWork$1 (http://localhost:5173/node_modules/.vite/deps/chunk-NXESFFTV.js?v=82e3fd63:19806:22)
    at performUnitOfWork (http://localhost:5173/node_modules/.vite/deps/chunk-NXESFFTV.js?v=82e3fd63:19251:20)
    at workLoopSync (http://localhost:5173/node_modules/.vite/deps/chunk-NXESFFTV.js?v=82e3fd63:19190:13)
    at renderRootSync (http://localhost:5173/node_modules/.vite/deps/chunk-NXESFFTV.js?v=82e3fd63:19169:15)
    at performSyncWorkOnRoot (http://localhost:5173/node_modules/.vite/deps/chunk-NXESFFTV.js?v=82e3fd63:18927:28)
    at flushSyncCallbacks (http://localhost:5173/node_modules/.vite/deps/chunk-NXESFFTV.js?v=82e3fd63:9166:30)
    at flushSync (http://localhost:5173/node_modules/.vite/deps/chunk-NXESFFTV.js?v=82e3fd63:19012:15) @ http://localhost:5173/node_modules/.vite/deps/react-router-dom.js?v=82e3fd63:6327
[   28815ms] [ERROR] Error handled by React Router default ErrorBoundary: TypeError: Component is not a function
    at renderWithHooks (http://localhost:5173/node_modules/.vite/deps/chunk-NXESFFTV.js?v=82e3fd63:11596:26)
    at updateFunctionComponent (http://localhost:5173/node_modules/.vite/deps/chunk-NXESFFTV.js?v=82e3fd63:14630:28)
    at beginWork (http://localhost:5173/node_modules/.vite/deps/chunk-NXESFFTV.js?v=82e3fd63:15972:22)
    at beginWork$1 (http://localhost:5173/node_modules/.vite/deps/chunk-NXESFFTV.js?v=82e3fd63:19806:22)
    at performUnitOfWork (http://localhost:5173/node_modules/.vite/deps/chunk-NXESFFTV.js?v=82e3fd63:19251:20)
    at workLoopSync (http://localhost:5173/node_modules/.vite/deps/chunk-NXESFFTV.js?v=82e3fd63:19190:13)
    at renderRootSync (http://localhost:5173/node_modules/.vite/deps/chunk-NXESFFTV.js?v=82e3fd63:19169:15)
    at performSyncWorkOnRoot (http://localhost:5173/node_modules/.vite/deps/chunk-NXESFFTV.js?v=82e3fd63:18927:28)
    at flushSyncCallbacks (http://localhost:5173/node_modules/.vite/deps/chunk-NXESFFTV.js?v=82e3fd63:9166:30)
    at flushSync (http://localhost:5173/node_modules/.vite/deps/chunk-NXESFFTV.js?v=82e3fd63:19012:15) @ http://localhost:5173/node_modules/.vite/deps/react-router-dom.js?v=82e3fd63:6327
[   28819ms] TypeError: Component is not a function
    at renderWithHooks (http://localhost:5173/node_modules/.vite/deps/chunk-NXESFFTV.js?v=82e3fd63:11596:26)
    at updateFunctionComponent (http://localhost:5173/node_modules/.vite/deps/chunk-NXESFFTV.js?v=82e3fd63:14630:28)
    at beginWork (http://localhost:5173/node_modules/.vite/deps/chunk-NXESFFTV.js?v=82e3fd63:15972:22)
    at HTMLUnknownElement.callCallback2 (http://localhost:5173/node_modules/.vite/deps/chunk-NXESFFTV.js?v=82e3fd63:3680:22)
    at Object.invokeGuardedCallbackDev (http://localhost:5173/node_modules/.vite/deps/chunk-NXESFFTV.js?v=82e3fd63:3705:24)
    at invokeGuardedCallback (http://localhost:5173/node_modules/.vite/deps/chunk-NXESFFTV.js?v=82e3fd63:3739:39)
    at beginWork$1 (http://localhost:5173/node_modules/.vite/deps/chunk-NXESFFTV.js?v=82e3fd63:19818:15)
    at performUnitOfWork (http://localhost:5173/node_modules/.vite/deps/chunk-NXESFFTV.js?v=82e3fd63:19251:20)
    at workLoopSync (http://localhost:5173/node_modules/.vite/deps/chunk-NXESFFTV.js?v=82e3fd63:19190:13)
    at renderRootSync (http://localhost:5173/node_modules/.vite/deps/chunk-NXESFFTV.js?v=82e3fd63:19169:15)
[   28821ms] TypeError: Component is not a function
    at renderWithHooks (http://localhost:5173/node_modules/.vite/deps/chunk-NXESFFTV.js?v=82e3fd63:11596:26)
    at updateFunctionComponent (http://localhost:5173/node_modules/.vite/deps/chunk-NXESFFTV.js?v=82e3fd63:14630:28)
    at beginWork (http://localhost:5173/node_modules/.vite/deps/chunk-NXESFFTV.js?v=82e3fd63:15972:22)
    at HTMLUnknownElement.callCallback2 (http://localhost:5173/node_modules/.vite/deps/chunk-NXESFFTV.js?v=82e3fd63:3680:22)
    at Object.invokeGuardedCallbackDev (http://localhost:5173/node_modules/.vite/deps/chunk-NXESFFTV.js?v=82e3fd63:3705:24)
    at invokeGuardedCallback (http://localhost:5173/node_modules/.vite/deps/chunk-NXESFFTV.js?v=82e3fd63:3739:39)
    at beginWork$1 (http://localhost:5173/node_modules/.vite/deps/chunk-NXESFFTV.js?v=82e3fd63:19818:15)
    at performUnitOfWork (http://localhost:5173/node_modules/.vite/deps/chunk-NXESFFTV.js?v=82e3fd63:19251:20)
    at workLoopSync (http://localhost:5173/node_modules/.vite/deps/chunk-NXESFFTV.js?v=82e3fd63:19190:13)
    at renderRootSync (http://localhost:5173/node_modules/.vite/deps/chunk-NXESFFTV.js?v=82e3fd63:19169:15)
[   28822ms] TypeError: Component is not a function
    at renderWithHooks (http://localhost:5173/node_modules/.vite/deps/chunk-NXESFFTV.js?v=82e3fd63:11596:26)
    at updateFunctionComponent (http://localhost:5173/node_modules/.vite/deps/chunk-NXESFFTV.js?v=82e3fd63:14630:28)
    at beginWork (http://localhost:5173/node_modules/.vite/deps/chunk-NXESFFTV.js?v=82e3fd63:15972:22)
    at HTMLUnknownElement.callCallback2 (http://localhost:5173/node_modules/.vite/deps/chunk-NXESFFTV.js?v=82e3fd63:3680:22)
    at Object.invokeGuardedCallbackDev (http://localhost:5173/node_modules/.vite/deps/chunk-NXESFFTV.js?v=82e3fd63:3705:24)
    at invokeGuardedCallback (http://localhost:5173/node_modules/.vite/deps/chunk-NXESFFTV.js?v=82e3fd63:3739:39)
    at beginWork$1 (http://localhost:5173/node_modules/.vite/deps/chunk-NXESFFTV.js?v=82e3fd63:19818:15)
    at performUnitOfWork (http://localhost:5173/node_modules/.vite/deps/chunk-NXESFFTV.js?v=82e3fd63:19251:20)
    at workLoopSync (http://localhost:5173/node_modules/.vite/deps/chunk-NXESFFTV.js?v=82e3fd63:19190:13)
    at renderRootSync (http://localhost:5173/node_modules/.vite/deps/chunk-NXESFFTV.js?v=82e3fd63:19169:15)
[   28823ms] [ERROR] Error handled by React Router default ErrorBoundary: TypeError: Component is not a function
    at renderWithHooks (http://localhost:5173/node_modules/.vite/deps/chunk-NXESFFTV.js?v=82e3fd63:11596:26)
    at updateFunctionComponent (http://localhost:5173/node_modules/.vite/deps/chunk-NXESFFTV.js?v=82e3fd63:14630:28)
    at beginWork (http://localhost:5173/node_modules/.vite/deps/chunk-NXESFFTV.js?v=82e3fd63:15972:22)
    at beginWork$1 (http://localhost:5173/node_modules/.vite/deps/chunk-NXESFFTV.js?v=82e3fd63:19806:22)
    at performUnitOfWork (http://localhost:5173/node_modules/.vite/deps/chunk-NXESFFTV.js?v=82e3fd63:19251:20)
    at workLoopSync (http://localhost:5173/node_modules/.vite/deps/chunk-NXESFFTV.js?v=82e3fd63:19190:13)
    at renderRootSync (http://localhost:5173/node_modules/.vite/deps/chunk-NXESFFTV.js?v=82e3fd63:19169:15)
    at recoverFromConcurrentError (http://localhost:5173/node_modules/.vite/deps/chunk-NXESFFTV.js?v=82e3fd63:18786:28)
    at performSyncWorkOnRoot (http://localhost:5173/node_modules/.vite/deps/chunk-NXESFFTV.js?v=82e3fd63:18932:28)
    at flushSyncCallbacks (http://localhost:5173/node_modules/.vite/deps/chunk-NXESFFTV.js?v=82e3fd63:9166:30) @ http://localhost:5173/node_modules/.vite/deps/react-router-dom.js?v=82e3fd63:6327
[   28823ms] [ERROR] Error handled by React Router default ErrorBoundary: TypeError: Component is not a function
    at renderWithHooks (http://localhost:5173/node_modules/.vite/deps/chunk-NXESFFTV.js?v=82e3fd63:11596:26)
    at updateFunctionComponent (http://localhost:5173/node_modules/.vite/deps/chunk-NXESFFTV.js?v=82e3fd63:14630:28)
    at beginWork (http://localhost:5173/node_modules/.vite/deps/chunk-NXESFFTV.js?v=82e3fd63:15972:22)
    at beginWork$1 (http://localhost:5173/node_modules/.vite/deps/chunk-NXESFFTV.js?v=82e3fd63:19806:22)
    at performUnitOfWork (http://localhost:5173/node_modules/.vite/deps/chunk-NXESFFTV.js?v=82e3fd63:19251:20)
    at workLoopSync (http://localhost:5173/node_modules/.vite/deps/chunk-NXESFFTV.js?v=82e3fd63:19190:13)
    at renderRootSync (http://localhost:5173/node_modules/.vite/deps/chunk-NXESFFTV.js?v=82e3fd63:19169:15)
    at recoverFromConcurrentError (http://localhost:5173/node_modules/.vite/deps/chunk-NXESFFTV.js?v=82e3fd63:18786:28)
    at performSyncWorkOnRoot (http://localhost:5173/node_modules/.vite/deps/chunk-NXESFFTV.js?v=82e3fd63:18932:28)
    at flushSyncCallbacks (http://localhost:5173/node_modules/.vite/deps/chunk-NXESFFTV.js?v=82e3fd63:9166:30) @ http://localhost:5173/node_modules/.vite/deps/react-router-dom.js?v=82e3fd63:6327
[   28826ms] [ERROR] The above error occurred in one of your React components:

    at Textarea
    at label
    at Field (http://localhost:5173/src/components/mission-flow/primitives.tsx:119:3)
    at form
    at div
    at CardContent (http://localhost:5173/src/components/ui/card.tsx:81:3)
    at div
    at Card (http://localhost:5173/src/components/ui/card.tsx:19:3)
    at Annexe01Form (http://localhost:5173/src/pages/MissionSubmissionPage.tsx:139:37)
    at div
    at TabsContent (http://localhost:5173/src/components/ui/tabs.tsx:110:3)
    at div
    at Tabs (http://localhost:5173/src/components/ui/tabs.tsx:27:3)
    at div
    at MissionSubmissionPage
    at RenderedRoute (http://localhost:5173/node_modules/.vite/deps/react-router-dom.js?v=82e3fd63:6429:26)
    at Outlet (http://localhost:5173/node_modules/.vite/deps/react-router-dom.js?v=82e3fd63:7227:26)
    at main
    at div
    at div
    at WorkspaceLayout (http://localhost:5173/src/layouts/WorkspaceLayout.tsx:61:20)
    at ProtectedRoute (http://localhost:5173/src/router/ProtectedRoute.tsx:20:34)
    at RenderedRoute (http://localhost:5173/node_modules/.vite/deps/react-router-dom.js?v=82e3fd63:6429:26)
    at RenderErrorBoundary (http://localhost:5173/node_modules/.vite/deps/react-router-dom.js?v=82e3fd63:6339:5)
    at DataRoutes (http://localhost:5173/node_modules/.vite/deps/react-router-dom.js?v=82e3fd63:7143:3)
    at Router (http://localhost:5173/node_modules/.vite/deps/react-router-dom.js?v=82e3fd63:7236:13)
    at RouterProvider (http://localhost:5173/node_modules/.vite/deps/react-router-dom.js?v=82e3fd63:6898:11)
    at RouterProvider2
    at App (http://localhost:5173/src/App.tsx:29:23)

React will try to recreate this component tree from scratch using the error boundary you provided, RenderErrorBoundary. @ http://localhost:5173/node_modules/.vite/deps/chunk-NXESFFTV.js?v=82e3fd63:14079
[   28827ms] [ERROR] React Router caught the following error during render TypeError: Component is not a function
    at renderWithHooks (http://localhost:5173/node_modules/.vite/deps/chunk-NXESFFTV.js?v=82e3fd63:11596:26)
    at updateFunctionComponent (http://localhost:5173/node_modules/.vite/deps/chunk-NXESFFTV.js?v=82e3fd63:14630:28)
    at beginWork (http://localhost:5173/node_modules/.vite/deps/chunk-NXESFFTV.js?v=82e3fd63:15972:22)
    at beginWork$1 (http://localhost:5173/node_modules/.vite/deps/chunk-NXESFFTV.js?v=82e3fd63:19806:22)
    at performUnitOfWork (http://localhost:5173/node_modules/.vite/deps/chunk-NXESFFTV.js?v=82e3fd63:19251:20)
    at workLoopSync (http://localhost:5173/node_modules/.vite/deps/chunk-NXESFFTV.js?v=82e3fd63:19190:13)
    at renderRootSync (http://localhost:5173/node_modules/.vite/deps/chunk-NXESFFTV.js?v=82e3fd63:19169:15)
    at recoverFromConcurrentError (http://localhost:5173/node_modules/.vite/deps/chunk-NXESFFTV.js?v=82e3fd63:18786:28)
    at performSyncWorkOnRoot (http://localhost:5173/node_modules/.vite/deps/chunk-NXESFFTV.js?v=82e3fd63:18932:28)
    at flushSyncCallbacks (http://localhost:5173/node_modules/.vite/deps/chunk-NXESFFTV.js?v=82e3fd63:9166:30) @ http://localhost:5173/node_modules/.vite/deps/react-router-dom.js?v=82e3fd63:6366
[   28827ms] [ERROR] The above error occurred in one of your React components:

    at Textarea
    at label
    at Field (http://localhost:5173/src/components/mission-flow/primitives.tsx:119:3)
    at form
    at div
    at CardContent (http://localhost:5173/src/components/ui/card.tsx:81:3)
    at div
    at Card (http://localhost:5173/src/components/ui/card.tsx:19:3)
    at Annexe01Form (http://localhost:5173/src/pages/MissionSubmissionPage.tsx:139:37)
    at div
    at TabsContent (http://localhost:5173/src/components/ui/tabs.tsx:110:3)
    at div
    at Tabs (http://localhost:5173/src/components/ui/tabs.tsx:27:3)
    at div
    at MissionSubmissionPage
    at RenderedRoute (http://localhost:5173/node_modules/.vite/deps/react-router-dom.js?v=82e3fd63:6429:26)
    at Outlet (http://localhost:5173/node_modules/.vite/deps/react-router-dom.js?v=82e3fd63:7227:26)
    at main
    at div
    at div
    at WorkspaceLayout (http://localhost:5173/src/layouts/WorkspaceLayout.tsx:61:20)
    at ProtectedRoute (http://localhost:5173/src/router/ProtectedRoute.tsx:20:34)
    at RenderedRoute (http://localhost:5173/node_modules/.vite/deps/react-router-dom.js?v=82e3fd63:6429:26)
    at RenderErrorBoundary (http://localhost:5173/node_modules/.vite/deps/react-router-dom.js?v=82e3fd63:6339:5)
    at DataRoutes (http://localhost:5173/node_modules/.vite/deps/react-router-dom.js?v=82e3fd63:7143:3)
    at Router (http://localhost:5173/node_modules/.vite/deps/react-router-dom.js?v=82e3fd63:7236:13)
    at RouterProvider (http://localhost:5173/node_modules/.vite/deps/react-router-dom.js?v=82e3fd63:6898:11)
    at RouterProvider2
    at App (http://localhost:5173/src/App.tsx:29:23)

React will try to recreate this component tree from scratch using the error boundary you provided, RenderErrorBoundary. @ http://localhost:5173/node_modules/.vite/deps/chunk-NXESFFTV.js?v=82e3fd63:14079
[   28827ms] [ERROR] React Router caught the following error during render TypeError: Component is not a function
    at renderWithHooks (http://localhost:5173/node_modules/.vite/deps/chunk-NXESFFTV.js?v=82e3fd63:11596:26)
    at updateFunctionComponent (http://localhost:5173/node_modules/.vite/deps/chunk-NXESFFTV.js?v=82e3fd63:14630:28)
    at beginWork (http://localhost:5173/node_modules/.vite/deps/chunk-NXESFFTV.js?v=82e3fd63:15972:22)
    at beginWork$1 (http://localhost:5173/node_modules/.vite/deps/chunk-NXESFFTV.js?v=82e3fd63:19806:22)
    at performUnitOfWork (http://localhost:5173/node_modules/.vite/deps/chunk-NXESFFTV.js?v=82e3fd63:19251:20)
    at workLoopSync (http://localhost:5173/node_modules/.vite/deps/chunk-NXESFFTV.js?v=82e3fd63:19190:13)
    at renderRootSync (http://localhost:5173/node_modules/.vite/deps/chunk-NXESFFTV.js?v=82e3fd63:19169:15)
    at recoverFromConcurrentError (http://localhost:5173/node_modules/.vite/deps/chunk-NXESFFTV.js?v=82e3fd63:18786:28)
    at performSyncWorkOnRoot (http://localhost:5173/node_modules/.vite/deps/chunk-NXESFFTV.js?v=82e3fd63:18932:28)
    at flushSyncCallbacks (http://localhost:5173/node_modules/.vite/deps/chunk-NXESFFTV.js?v=82e3fd63:9166:30) @ http://localhost:5173/node_modules/.vite/deps/react-router-dom.js?v=82e3fd63:6366
[   28827ms] [ERROR] The above error occurred in one of your React components:

    at Textarea
    at div
    at CardContent (http://localhost:5173/src/components/ui/card.tsx:81:3)
    at div
    at Card (http://localhost:5173/src/components/ui/card.tsx:19:3)
    at div
    at form
    at div
    at CardContent (http://localhost:5173/src/components/ui/card.tsx:81:3)
    at div
    at Card (http://localhost:5173/src/components/ui/card.tsx:19:3)
    at Annexe01Form (http://localhost:5173/src/pages/MissionSubmissionPage.tsx:139:37)
    at div
    at TabsContent (http://localhost:5173/src/components/ui/tabs.tsx:110:3)
    at div
    at Tabs (http://localhost:5173/src/components/ui/tabs.tsx:27:3)
    at div
    at MissionSubmissionPage
    at RenderedRoute (http://localhost:5173/node_modules/.vite/deps/react-router-dom.js?v=82e3fd63:6429:26)
    at Outlet (http://localhost:5173/node_modules/.vite/deps/react-router-dom.js?v=82e3fd63:7227:26)
    at main
    at div
    at div
    at WorkspaceLayout (http://localhost:5173/src/layouts/WorkspaceLayout.tsx:61:20)
    at ProtectedRoute (http://localhost:5173/src/router/ProtectedRoute.tsx:20:34)
    at RenderedRoute (http://localhost:5173/node_modules/.vite/deps/react-router-dom.js?v=82e3fd63:6429:26)
    at RenderErrorBoundary (http://localhost:5173/node_modules/.vite/deps/react-router-dom.js?v=82e3fd63:6339:5)
    at DataRoutes (http://localhost:5173/node_modules/.vite/deps/react-router-dom.js?v=82e3fd63:7143:3)
    at Router (http://localhost:5173/node_modules/.vite/deps/react-router-dom.js?v=82e3fd63:7236:13)
    at RouterProvider (http://localhost:5173/node_modules/.vite/deps/react-router-dom.js?v=82e3fd63:6898:11)
    at RouterProvider2
    at App (http://localhost:5173/src/App.tsx:29:23)

React will try to recreate this component tree from scratch using the error boundary you provided, RenderErrorBoundary. @ http://localhost:5173/node_modules/.vite/deps/chunk-NXESFFTV.js?v=82e3fd63:14079
[   28827ms] [ERROR] React Router caught the following error during render TypeError: Component is not a function
    at renderWithHooks (http://localhost:5173/node_modules/.vite/deps/chunk-NXESFFTV.js?v=82e3fd63:11596:26)
    at updateFunctionComponent (http://localhost:5173/node_modules/.vite/deps/chunk-NXESFFTV.js?v=82e3fd63:14630:28)
    at beginWork (http://localhost:5173/node_modules/.vite/deps/chunk-NXESFFTV.js?v=82e3fd63:15972:22)
    at beginWork$1 (http://localhost:5173/node_modules/.vite/deps/chunk-NXESFFTV.js?v=82e3fd63:19806:22)
    at performUnitOfWork (http://localhost:5173/node_modules/.vite/deps/chunk-NXESFFTV.js?v=82e3fd63:19251:20)
    at workLoopSync (http://localhost:5173/node_modules/.vite/deps/chunk-NXESFFTV.js?v=82e3fd63:19190:13)
    at renderRootSync (http://localhost:5173/node_modules/.vite/deps/chunk-NXESFFTV.js?v=82e3fd63:19169:15)
    at recoverFromConcurrentError (http://localhost:5173/node_modules/.vite/deps/chunk-NXESFFTV.js?v=82e3fd63:18786:28)
    at performSyncWorkOnRoot (http://localhost:5173/node_modules/.vite/deps/chunk-NXESFFTV.js?v=82e3fd63:18932:28)
    at flushSyncCallbacks (http://localhost:5173/node_modules/.vite/deps/chunk-NXESFFTV.js?v=82e3fd63:9166:30) @ http://localhost:5173/node_modules/.vite/deps/react-router-dom.js?v=82e3fd63:6366
[   36291ms] [ERROR] [vite] ReferenceError: forwardRef is not defined
    at http://localhost:5173/src/components/mission-flow/primitives.tsx?t=1785199406910:143:23 @ http://localhost:5173/@vite/client:881
[   36292ms] [ERROR] [vite] Failed to reload /src/components/mission-flow/primitives.tsx. This could be due to syntax errors or importing non-existent modules. (see errors above) @ http://localhost:5173/@vite/client:881
